2026-01-20 11:25:42,571 - INFO - Starting EPM workflow
2026-01-20 11:25:42,581 - INFO - Config file: config.csv
2026-01-20 11:25:42,581 - INFO - Folder input: data_sapp
2026-01-20 11:25:42,581 - INFO - modeltype: None
2026-01-20 11:25:42,581 - INFO - Scenarios file: None
2026-01-20 11:25:42,581 - INFO - Sensitivity: True
2026-01-20 11:25:42,581 - INFO - MonteCarlo: False
2026-01-20 11:25:42,581 - INFO - MonteCarlo samples: 10
2026-01-20 11:25:42,581 - INFO - Monte Carlo uncertainties file: None
2026-01-20 11:25:42,581 - INFO - Reduced output: False
2026-01-20 11:25:42,581 - INFO - Reduced definition csv: False
2026-01-20 11:25:42,581 - INFO - Selected scenarios: None
2026-01-20 11:25:42,581 - INFO - Simple: None
2026-01-20 11:25:42,581 - INFO - Simulation label: None
2026-01-20 11:25:42,581 - INFO - Debug flag: False
2026-01-20 11:25:42,581 - INFO - Trace flag: False
2026-01-20 11:25:42,581 - INFO - Country filter: None
2026-01-20 11:25:42,593 - INFO - Sensitivity analysis: {'pSettings': nan, 'y': nan, 'pDemandForecast': nan, 'pDemandProfile': nan, 'pAvailabilityDefault': nan, 'pCapexTrajectoriesDefault': nan, 'pFuelPrice': nan, 'ResLimShare': nan, 'BuildLimitperYear': nan, 'pVREProfile': nan, 'delayedHydro_alt': 1.0, 'delayedTransmission': 1.0}
2026-01-20 11:25:42,683 - INFO - Prepared 3 scenario(s): baseline, delayedHydro_alt_3years, delayedTransmission_2years
2026-01-20 11:25:42,685 - INFO - Folder ready: output\sensitivity_run_20260120_112542
2026-01-20 11:25:49,688 - INFO - Command to execute: gams 'C:\Users\wb590499\Documents\Projects\EPM\epm\main.gms' 'LogOption 4' 'LogFile baseline_main.log' '--BASE_FILE C:\Users\wb590499\Documents\Projects\EPM\epm\base.gms' '--REPORT_FILE C:\Users\wb590499\Documents\Projects\EPM\epm\generate_report.gms' '--READER_FILE C:\Users\wb590499\Documents\Projects\EPM\epm\input_readers.gms' '--DEMAND_FILE C:\Users\wb590499\Documents\Projects\EPM\epm\generate_demand.gms' '--HYDROGEN_FILE C:\Users\wb590499\Documents\Projects\EPM\epm\hydrogen_module.gms' '--FOLDER_INPUT C:\Users\wb590499\Documents\Projects\EPM\epm\input\data_sapp' '--modeltype RMIP' '--cplexfile C:\Users\wb590499\Documents\Projects\EPM\epm\input\data_sapp\cplex/cplex_baseline.opt' '--pSettings C:\Users\wb590499\Documents\Projects\EPM\epm\input\data_sapp\pSettings_alt.csv' '--y C:\Users\wb590499\Documents\Projects\EPM\epm\input\data_sapp\y_alt.csv' '--zcmap C:\Users\wb590499\Documents\Projects\EPM\epm\input\data_sapp\zcmap_alt.csv' '--pHours C:\Users\wb590499\Documents\Projects\EPM\epm\input\data_sapp\pHours.csv' '--pDemandProfile C:\Users\wb590499\Documents\Projects\EPM\epm\input\data_sapp\load/pDemandProfile.csv' '--pDemandData C:\Users\wb590499\Documents\Projects\EPM\epm\input\data_sapp\load/pDemandData.csv' '--pDemandForecast C:\Users\wb590499\Documents\Projects\EPM\epm\input\data_sapp\load/pDemandForecast_sapp_adapted.csv' '--sRelevant C:\Users\wb590499\Documents\Projects\EPM\epm\input\data_sapp\load/sRelevant.csv' '--pEnergyEfficiencyFactor C:\Users\wb590499\Documents\Projects\EPM\epm\input\data_sapp\load/pEnergyEfficiencyFactor.csv' '--pGenDataInput C:\Users\wb590499\Documents\Projects\EPM\epm\input\data_sapp\supply/pGenDataInput.csv' '--pGenDataInputDefault C:\Users\wb590499\Documents\Projects\EPM\epm\input\data_sapp\supply/pGenDataInputDefault.csv' '--pAvailability C:\Users\wb590499\Documents\Projects\EPM\epm\input\data_sapp\supply/pAvailabilityCustom.csv' '--pAvailabilityDefault C:\Users\wb590499\Documents\Projects\EPM\epm\input\data_sapp\supply/pAvailabilityDefault.csv' '--pEvolutionAvailability C:\Users\wb590499\Documents\Projects\EPM\epm\input\data_sapp\supply/pEvolutionAvailability.csv' '--pCapexTrajectories C:\Users\wb590499\Documents\Projects\EPM\epm\input\data_sapp\supply/pCapexTrajectoriesCustom.csv' '--pCapexTrajectoriesDefault C:\Users\wb590499\Documents\Projects\EPM\epm\input\data_sapp\supply/pCapexTrajectoriesDefault.csv' '--pCSPData C:\Users\wb590499\Documents\Projects\EPM\epm\input\data_sapp\supply/pCSPData.csv' '--pFuelPrice C:\Users\wb590499\Documents\Projects\EPM\epm\input\data_sapp\supply/pFuelPrice.csv' '--pVREgenProfile C:\Users\wb590499\Documents\Projects\EPM\epm\input\data_sapp\supply/pVREgenProfile.csv' '--pVREProfile C:\Users\wb590499\Documents\Projects\EPM\epm\input\data_sapp\supply/pVREProfile.csv' '--pStorageDataInput C:\Users\wb590499\Documents\Projects\EPM\epm\input\data_sapp\supply/pStorageDataInput.csv' '--pPlanningReserveMargin C:\Users\wb590499\Documents\Projects\EPM\epm\input\data_sapp\reserve/pPlanningReserveMargin.csv' '--pSpinningReserveReqCountry C:\Users\wb590499\Documents\Projects\EPM\epm\input\data_sapp\reserve/pSpinningReserveReqCountry.csv' '--pSpinningReserveReqSystem C:\Users\wb590499\Documents\Projects\EPM\epm\input\data_sapp\reserve/pSpinningReserveReqSystem.csv' '--pEmissionsTotal C:\Users\wb590499\Documents\Projects\EPM\epm\input\data_sapp\constraint/pEmissionsTotal.csv' '--pEmissionsCountry C:\Users\wb590499\Documents\Projects\EPM\epm\input\data_sapp\constraint/pEmissionsCountry.csv' '--pMaxFuellimit C:\Users\wb590499\Documents\Projects\EPM\epm\input\data_sapp\constraint/pMaxFuellimit.csv' '--pCarbonPrice C:\Users\wb590499\Documents\Projects\EPM\epm\input\data_sapp\constraint/pCarbonPrice.csv' '--zext C:\Users\wb590499\Documents\Projects\EPM\epm\input\data_sapp\trade/zext.csv' '--pExtTransferLimit C:\Users\wb590499\Documents\Projects\EPM\epm\input\data_sapp\trade/pExtTransferLimit.csv' '--pLossFactorInternal C:\Users\wb590499\Documents\Projects\EPM\epm\input\data_sapp\trade/pLossFactorInternal.csv' '--pMaxAnnualExternalTradeShare C:\Users\wb590499\Documents\Projects\EPM\epm\input\data_sapp\trade/pMaxAnnualExternalTradeShare.csv' '--pMinImport C:\Users\wb590499\Documents\Projects\EPM\epm\input\data_sapp\trade/pMinImport.csv' '--pNewTransmission C:\Users\wb590499\Documents\Projects\EPM\epm\input\data_sapp\trade/pNewTransmission.csv' '--pTradePrice C:\Users\wb590499\Documents\Projects\EPM\epm\input\data_sapp\trade/pTradePrice.csv' '--pTransferLimit C:\Users\wb590499\Documents\Projects\EPM\epm\input\data_sapp\trade/pTransferLimit.csv' '--pH2DataExcel C:\Users\wb590499\Documents\Projects\EPM\epm\input\data_sapp\h2/pH2DataExcel.csv' '--pAvailabilityH2 C:\Users\wb590499\Documents\Projects\EPM\epm\input\data_sapp\h2/pAvailabilityH2.csv' '--pCapexTrajectoryH2 C:\Users\wb590499\Documents\Projects\EPM\epm\input\data_sapp\h2/pCapexTrajectoryH2.csv' '--pExternalH2 C:\Users\wb590499\Documents\Projects\EPM\epm\input\data_sapp\h2/pExternalH2.csv' '--pFuelDataH2 C:\Users\wb590499\Documents\Projects\EPM\epm\input\data_sapp\h2/pFuelDataH2.csv'
2026-01-20 11:26:09,073 - INFO - Command to execute: gams 'C:\Users\wb590499\Documents\Projects\EPM\epm\main.gms' 'LogOption 4' 'LogFile delayedHydro_alt_3years_main.log' '--BASE_FILE C:\Users\wb590499\Documents\Projects\EPM\epm\base.gms' '--REPORT_FILE C:\Users\wb590499\Documents\Projects\EPM\epm\generate_report.gms' '--READER_FILE C:\Users\wb590499\Documents\Projects\EPM\epm\input_readers.gms' '--DEMAND_FILE C:\Users\wb590499\Documents\Projects\EPM\epm\generate_demand.gms' '--HYDROGEN_FILE C:\Users\wb590499\Documents\Projects\EPM\epm\hydrogen_module.gms' '--FOLDER_INPUT C:\Users\wb590499\Documents\Projects\EPM\epm\input\data_sapp' '--modeltype RMIP' '--cplexfile C:\Users\wb590499\Documents\Projects\EPM\epm\input\data_sapp\cplex/cplex_baseline.opt' '--pSettings C:\Users\wb590499\Documents\Projects\EPM\epm\input\data_sapp\pSettings_alt.csv' '--y C:\Users\wb590499\Documents\Projects\EPM\epm\input\data_sapp\y_alt.csv' '--zcmap C:\Users\wb590499\Documents\Projects\EPM\epm\input\data_sapp\zcmap_alt.csv' '--pHours C:\Users\wb590499\Documents\Projects\EPM\epm\input\data_sapp\pHours.csv' '--pDemandProfile C:\Users\wb590499\Documents\Projects\EPM\epm\input\data_sapp\load/pDemandProfile.csv' '--pDemandData C:\Users\wb590499\Documents\Projects\EPM\epm\input\data_sapp\load/pDemandData.csv' '--pDemandForecast C:\Users\wb590499\Documents\Projects\EPM\epm\input\data_sapp\load/pDemandForecast_sapp_adapted.csv' '--sRelevant C:\Users\wb590499\Documents\Projects\EPM\epm\input\data_sapp\load/sRelevant.csv' '--pEnergyEfficiencyFactor C:\Users\wb590499\Documents\Projects\EPM\epm\input\data_sapp\load/pEnergyEfficiencyFactor.csv' '--pGenDataInput C:\Users\wb590499\Documents\Projects\EPM\epm\input\data_sapp\supply\sensitivity\pGenDataInput_delayedHydro_alt_3years.csv' '--pGenDataInputDefault C:\Users\wb590499\Documents\Projects\EPM\epm\input\data_sapp\supply/pGenDataInputDefault.csv' '--pAvailability C:\Users\wb590499\Documents\Projects\EPM\epm\input\data_sapp\supply/pAvailabilityCustom.csv' '--pAvailabilityDefault C:\Users\wb590499\Documents\Projects\EPM\epm\input\data_sapp\supply/pAvailabilityDefault.csv' '--pEvolutionAvailability C:\Users\wb590499\Documents\Projects\EPM\epm\input\data_sapp\supply/pEvolutionAvailability.csv' '--pCapexTrajectories C:\Users\wb590499\Documents\Projects\EPM\epm\input\data_sapp\supply/pCapexTrajectoriesCustom.csv' '--pCapexTrajectoriesDefault C:\Users\wb590499\Documents\Projects\EPM\epm\input\data_sapp\supply/pCapexTrajectoriesDefault.csv' '--pCSPData C:\Users\wb590499\Documents\Projects\EPM\epm\input\data_sapp\supply/pCSPData.csv' '--pFuelPrice C:\Users\wb590499\Documents\Projects\EPM\epm\input\data_sapp\supply/pFuelPrice.csv' '--pVREgenProfile C:\Users\wb590499\Documents\Projects\EPM\epm\input\data_sapp\supply/pVREgenProfile.csv' '--pVREProfile C:\Users\wb590499\Documents\Projects\EPM\epm\input\data_sapp\supply/pVREProfile.csv' '--pStorageDataInput C:\Users\wb590499\Documents\Projects\EPM\epm\input\data_sapp\supply/pStorageDataInput.csv' '--pPlanningReserveMargin C:\Users\wb590499\Documents\Projects\EPM\epm\input\data_sapp\reserve/pPlanningReserveMargin.csv' '--pSpinningReserveReqCountry C:\Users\wb590499\Documents\Projects\EPM\epm\input\data_sapp\reserve/pSpinningReserveReqCountry.csv' '--pSpinningReserveReqSystem C:\Users\wb590499\Documents\Projects\EPM\epm\input\data_sapp\reserve/pSpinningReserveReqSystem.csv' '--pEmissionsTotal C:\Users\wb590499\Documents\Projects\EPM\epm\input\data_sapp\constraint/pEmissionsTotal.csv' '--pEmissionsCountry C:\Users\wb590499\Documents\Projects\EPM\epm\input\data_sapp\constraint/pEmissionsCountry.csv' '--pMaxFuellimit C:\Users\wb590499\Documents\Projects\EPM\epm\input\data_sapp\constraint/pMaxFuellimit.csv' '--pCarbonPrice C:\Users\wb590499\Documents\Projects\EPM\epm\input\data_sapp\constraint/pCarbonPrice.csv' '--zext C:\Users\wb590499\Documents\Projects\EPM\epm\input\data_sapp\trade/zext.csv' '--pExtTransferLimit C:\Users\wb590499\Documents\Projects\EPM\epm\input\data_sapp\trade/pExtTransferLimit.csv' '--pLossFactorInternal C:\Users\wb590499\Documents\Projects\EPM\epm\input\data_sapp\trade/pLossFactorInternal.csv' '--pMaxAnnualExternalTradeShare C:\Users\wb590499\Documents\Projects\EPM\epm\input\data_sapp\trade/pMaxAnnualExternalTradeShare.csv' '--pMinImport C:\Users\wb590499\Documents\Projects\EPM\epm\input\data_sapp\trade/pMinImport.csv' '--pNewTransmission C:\Users\wb590499\Documents\Projects\EPM\epm\input\data_sapp\trade/pNewTransmission.csv' '--pTradePrice C:\Users\wb590499\Documents\Projects\EPM\epm\input\data_sapp\trade/pTradePrice.csv' '--pTransferLimit C:\Users\wb590499\Documents\Projects\EPM\epm\input\data_sapp\trade/pTransferLimit.csv' '--pH2DataExcel C:\Users\wb590499\Documents\Projects\EPM\epm\input\data_sapp\h2/pH2DataExcel.csv' '--pAvailabilityH2 C:\Users\wb590499\Documents\Projects\EPM\epm\input\data_sapp\h2/pAvailabilityH2.csv' '--pCapexTrajectoryH2 C:\Users\wb590499\Documents\Projects\EPM\epm\input\data_sapp\h2/pCapexTrajectoryH2.csv' '--pExternalH2 C:\Users\wb590499\Documents\Projects\EPM\epm\input\data_sapp\h2/pExternalH2.csv' '--pFuelDataH2 C:\Users\wb590499\Documents\Projects\EPM\epm\input\data_sapp\h2/pFuelDataH2.csv'
2026-01-20 11:26:12,154 - INFO - Command to execute: gams 'C:\Users\wb590499\Documents\Projects\EPM\epm\main.gms' 'LogOption 4' 'LogFile delayedTransmission_2years_main.log' '--BASE_FILE C:\Users\wb590499\Documents\Projects\EPM\epm\base.gms' '--REPORT_FILE C:\Users\wb590499\Documents\Projects\EPM\epm\generate_report.gms' '--READER_FILE C:\Users\wb590499\Documents\Projects\EPM\epm\input_readers.gms' '--DEMAND_FILE C:\Users\wb590499\Documents\Projects\EPM\epm\generate_demand.gms' '--HYDROGEN_FILE C:\Users\wb590499\Documents\Projects\EPM\epm\hydrogen_module.gms' '--FOLDER_INPUT C:\Users\wb590499\Documents\Projects\EPM\epm\input\data_sapp' '--modeltype RMIP' '--cplexfile C:\Users\wb590499\Documents\Projects\EPM\epm\input\data_sapp\cplex/cplex_baseline.opt' '--pSettings C:\Users\wb590499\Documents\Projects\EPM\epm\input\data_sapp\pSettings_alt.csv' '--y C:\Users\wb590499\Documents\Projects\EPM\epm\input\data_sapp\y_alt.csv' '--zcmap C:\Users\wb590499\Documents\Projects\EPM\epm\input\data_sapp\zcmap_alt.csv' '--pHours C:\Users\wb590499\Documents\Projects\EPM\epm\input\data_sapp\pHours.csv' '--pDemandProfile C:\Users\wb590499\Documents\Projects\EPM\epm\input\data_sapp\load/pDemandProfile.csv' '--pDemandData C:\Users\wb590499\Documents\Projects\EPM\epm\input\data_sapp\load/pDemandData.csv' '--pDemandForecast C:\Users\wb590499\Documents\Projects\EPM\epm\input\data_sapp\load/pDemandForecast_sapp_adapted.csv' '--sRelevant C:\Users\wb590499\Documents\Projects\EPM\epm\input\data_sapp\load/sRelevant.csv' '--pEnergyEfficiencyFactor C:\Users\wb590499\Documents\Projects\EPM\epm\input\data_sapp\load/pEnergyEfficiencyFactor.csv' '--pGenDataInput C:\Users\wb590499\Documents\Projects\EPM\epm\input\data_sapp\supply/pGenDataInput.csv' '--pGenDataInputDefault C:\Users\wb590499\Documents\Projects\EPM\epm\input\data_sapp\supply/pGenDataInputDefault.csv' '--pAvailability C:\Users\wb590499\Documents\Projects\EPM\epm\input\data_sapp\supply/pAvailabilityCustom.csv' '--pAvailabilityDefault C:\Users\wb590499\Documents\Projects\EPM\epm\input\data_sapp\supply/pAvailabilityDefault.csv' '--pEvolutionAvailability C:\Users\wb590499\Documents\Projects\EPM\epm\input\data_sapp\supply/pEvolutionAvailability.csv' '--pCapexTrajectories C:\Users\wb590499\Documents\Projects\EPM\epm\input\data_sapp\supply/pCapexTrajectoriesCustom.csv' '--pCapexTrajectoriesDefault C:\Users\wb590499\Documents\Projects\EPM\epm\input\data_sapp\supply/pCapexTrajectoriesDefault.csv' '--pCSPData C:\Users\wb590499\Documents\Projects\EPM\epm\input\data_sapp\supply/pCSPData.csv' '--pFuelPrice C:\Users\wb590499\Documents\Projects\EPM\epm\input\data_sapp\supply/pFuelPrice.csv' '--pVREgenProfile C:\Users\wb590499\Documents\Projects\EPM\epm\input\data_sapp\supply/pVREgenProfile.csv' '--pVREProfile C:\Users\wb590499\Documents\Projects\EPM\epm\input\data_sapp\supply/pVREProfile.csv' '--pStorageDataInput C:\Users\wb590499\Documents\Projects\EPM\epm\input\data_sapp\supply/pStorageDataInput.csv' '--pPlanningReserveMargin C:\Users\wb590499\Documents\Projects\EPM\epm\input\data_sapp\reserve/pPlanningReserveMargin.csv' '--pSpinningReserveReqCountry C:\Users\wb590499\Documents\Projects\EPM\epm\input\data_sapp\reserve/pSpinningReserveReqCountry.csv' '--pSpinningReserveReqSystem C:\Users\wb590499\Documents\Projects\EPM\epm\input\data_sapp\reserve/pSpinningReserveReqSystem.csv' '--pEmissionsTotal C:\Users\wb590499\Documents\Projects\EPM\epm\input\data_sapp\constraint/pEmissionsTotal.csv' '--pEmissionsCountry C:\Users\wb590499\Documents\Projects\EPM\epm\input\data_sapp\constraint/pEmissionsCountry.csv' '--pMaxFuellimit C:\Users\wb590499\Documents\Projects\EPM\epm\input\data_sapp\constraint/pMaxFuellimit.csv' '--pCarbonPrice C:\Users\wb590499\Documents\Projects\EPM\epm\input\data_sapp\constraint/pCarbonPrice.csv' '--zext C:\Users\wb590499\Documents\Projects\EPM\epm\input\data_sapp\trade/zext.csv' '--pExtTransferLimit C:\Users\wb590499\Documents\Projects\EPM\epm\input\data_sapp\trade/pExtTransferLimit.csv' '--pLossFactorInternal C:\Users\wb590499\Documents\Projects\EPM\epm\input\data_sapp\trade/pLossFactorInternal.csv' '--pMaxAnnualExternalTradeShare C:\Users\wb590499\Documents\Projects\EPM\epm\input\data_sapp\trade/pMaxAnnualExternalTradeShare.csv' '--pMinImport C:\Users\wb590499\Documents\Projects\EPM\epm\input\data_sapp\trade/pMinImport.csv' '--pNewTransmission C:\Users\wb590499\Documents\Projects\EPM\epm\input\data_sapp\trade\sensitivity\delayedTransmission_2years.csv' '--pTradePrice C:\Users\wb590499\Documents\Projects\EPM\epm\input\data_sapp\trade/pTradePrice.csv' '--pTransferLimit C:\Users\wb590499\Documents\Projects\EPM\epm\input\data_sapp\trade/pTransferLimit.csv' '--pH2DataExcel C:\Users\wb590499\Documents\Projects\EPM\epm\input\data_sapp\h2/pH2DataExcel.csv' '--pAvailabilityH2 C:\Users\wb590499\Documents\Projects\EPM\epm\input\data_sapp\h2/pAvailabilityH2.csv' '--pCapexTrajectoryH2 C:\Users\wb590499\Documents\Projects\EPM\epm\input\data_sapp\h2/pCapexTrajectoryH2.csv' '--pExternalH2 C:\Users\wb590499\Documents\Projects\EPM\epm\input\data_sapp\h2/pExternalH2.csv' '--pFuelDataH2 C:\Users\wb590499\Documents\Projects\EPM\epm\input\data_sapp\h2/pFuelDataH2.csv'
2026-01-20 11:26:15,091 - ERROR - EPM workflow failed
multiprocessing.pool.RemoteTraceback: 
"""
Traceback (most recent call last):
  File "c:\Users\wb590499\.conda\envs\epm_env\Lib\multiprocessing\pool.py", line 125, in worker
    result = (True, func(*args, **kwds))
                    ^^^^^^^^^^^^^^^^^^^
  File "c:\Users\wb590499\.conda\envs\epm_env\Lib\multiprocessing\pool.py", line 51, in starmapstar
    return list(itertools.starmap(args[0], args[1]))
           ^^^^^^^^^^^^^^^^^^^^^^^^^^^^^^^^^^^^^^^^^
  File "C:\Users\wb590499\Documents\Projects\EPM\epm\epm.py", line 476, in launch_epm_multiprocess
    return launch_epm(df, scenario_name=scenario_name, folder_input=folder_input,
           ^^^^^^^^^^^^^^^^^^^^^^^^^^^^^^^^^^^^^^^^^^^^^^^^^^^^^^^^^^^^^^^^^^^^^^
  File "C:\Users\wb590499\Documents\Projects\EPM\epm\epm.py", line 461, in launch_epm
    raise RuntimeError(error_msg)
RuntimeError: GAMS Error (return code 2) for scenario 'baseline'
Log file: C:\Users\wb590499\Documents\Projects\EPM\epm\output\sensitivity_run_20260120_112542\baseline\baseline_main.log

Errors found in log:
*** Error 502 in C:\Users\wb590499\Documents\Projects\EPM\epm\main.gms
--- main.gms(277) 4 Mb 17 Errors
*** Error 502 in C:\Users\wb590499\Documents\Projects\EPM\epm\main.gms
--- main.gms(278) 4 Mb 18 Errors
*** Error 502 in C:\Users\wb590499\Documents\Projects\EPM\epm\main.gms
--- main.gms(281) 4 Mb 19 Errors
*** Error 502 in C:\Users\wb590499\Documents\Projects\EPM\epm\main.gms
*** Error 343 in C:\Users\wb590499\Documents\Projects\EPM\epm\main.gms
--- main.gms(286) 4 Mb 20 Errors
*** Status: Compilation error(s)

Last lines of log:
    GDXIN  file not open - ignore rest of line
--- main.gms(278) 4 Mb 18 Errors
*** Error 502 in C:\Users\wb590499\Documents\Projects\EPM\epm\main.gms
    GDXIN  file not open - ignore rest of line
--- main.gms(281) 4 Mb 19 Errors
*** Error 502 in C:\Users\wb590499\Documents\Projects\EPM\epm\main.gms
    GDXIN  file not open - ignore rest of line
***
*** Abort CONNECT ERROR in input_readers.gms
***
*** Error 343 in C:\Users\wb590499\Documents\Projects\EPM\epm\main.gms
    Abort triggered by above statement
--- main.gms(286) 4 Mb 20 Errors
*** Status: Compilation error(s)
--- Job main.gms Stop 01/20/26 11:26:08 elapsed 0:00:16.967

"""

The above exception was the direct cause of the following exception:

Traceback (most recent call last):
  File "C:\Users\wb590499\Documents\Projects\EPM\epm/epm.py", line 1017, in main
    folder, result = launch_epm_multi_scenarios(config=args.config,
                     ^^^^^^^^^^^^^^^^^^^^^^^^^^^^^^^^^^^^^^^^^^^^^^
  File "C:\Users\wb590499\Documents\Projects\EPM\epm/epm.py", line 742, in launch_epm_multi_scenarios
    pool.starmap(
  File "c:\Users\wb590499\.conda\envs\epm_env\Lib\multiprocessing\pool.py", line 375, in starmap
    return self._map_async(func, iterable, starmapstar, chunksize).get()
           ^^^^^^^^^^^^^^^^^^^^^^^^^^^^^^^^^^^^^^^^^^^^^^^^^^^^^^^^^^^^^
  File "c:\Users\wb590499\.conda\envs\epm_env\Lib\multiprocessing\pool.py", line 774, in get
    raise self._value
RuntimeError: GAMS Error (return code 2) for scenario 'baseline'
Log file: C:\Users\wb590499\Documents\Projects\EPM\epm\output\sensitivity_run_20260120_112542\baseline\baseline_main.log

Errors found in log:
*** Error 502 in C:\Users\wb590499\Documents\Projects\EPM\epm\main.gms
--- main.gms(277) 4 Mb 17 Errors
*** Error 502 in C:\Users\wb590499\Documents\Projects\EPM\epm\main.gms
--- main.gms(278) 4 Mb 18 Errors
*** Error 502 in C:\Users\wb590499\Documents\Projects\EPM\epm\main.gms
--- main.gms(281) 4 Mb 19 Errors
*** Error 502 in C:\Users\wb590499\Documents\Projects\EPM\epm\main.gms
*** Error 343 in C:\Users\wb590499\Documents\Projects\EPM\epm\main.gms
--- main.gms(286) 4 Mb 20 Errors
*** Status: Compilation error(s)

Last lines of log:
    GDXIN  file not open - ignore rest of line
--- main.gms(278) 4 Mb 18 Errors
*** Error 502 in C:\Users\wb590499\Documents\Projects\EPM\epm\main.gms
    GDXIN  file not open - ignore rest of line
--- main.gms(281) 4 Mb 19 Errors
*** Error 502 in C:\Users\wb590499\Documents\Projects\EPM\epm\main.gms
    GDXIN  file not open - ignore rest of line
***
*** Abort CONNECT ERROR in input_readers.gms
***
*** Error 343 in C:\Users\wb590499\Documents\Projects\EPM\epm\main.gms
    Abort triggered by above statement
--- main.gms(286) 4 Mb 20 Errors
*** Status: Compilation error(s)
--- Job main.gms Stop 01/20/26 11:26:08 elapsed 0:00:16.967

